Copyright (c) 1992-2018 The FreeBSD Project.
Copyright (c) 1979, 1980, 1983, 1986, 1988, 1989, 1991, 1992, 1993, 1994
	The Regents of the University of California. All rights reserved.
FreeBSD is a registered trademark of The FreeBSD Foundation.
FreeBSD 12.0-CURRENT #0 b21ccf63f28(master)-dirty: Wed Feb 14 15:14:53 UTC 2018
    root@test:/usr/obj/usr/src/amd64.amd64/sys/GENERIC-NODEBUG amd64
FreeBSD clang version 6.0.0 (branches/release_60 324090) (based on LLVM 6.0.0)
VT(vga): resolution 640x480
CPU: Intel(R) Xeon(R) CPU E5-2650 v4 @ 2.20GHz (2194.96-MHz K8-class CPU)
  Origin="GenuineIntel"  Id=0x406f1  Family=0x6  Model=0x4f  Stepping=1
  Features=0xbfebfbff<FPU,VME,DE,PSE,TSC,MSR,PAE,MCE,CX8,APIC,SEP,MTRR,PGE,MCA,CMOV,PAT,PSE36,CLFLUSH,DTS,ACPI,MMX,FXSR,SSE,SSE2,SS,HTT,TM,PBE>
  Features2=0x7ffefbff<SSE3,PCLMULQDQ,DTES64,MON,DS_CPL,VMX,SMX,EST,TM2,SSSE3,SDBG,FMA,CX16,xTPR,PDCM,PCID,DCA,SSE4.1,SSE4.2,x2APIC,MOVBE,POPCNT,TSCDLT,AESNI,XSAVE,OSXSAVE,AVX,F16C,RDRAND>
  AMD Features=0x2c100800<SYSCALL,NX,Page1GB,RDTSCP,LM>
  AMD Features2=0x121<LAHF,ABM,Prefetch>
  Structured Extended Features=0x21cbfbb<FSGSBASE,TSCADJ,BMI1,HLE,AVX2,SMEP,BMI2,ERMS,INVPCID,RTM,PQM,NFPUSG,PQE,RDSEED,ADX,SMAP,PROCTRACE>
  XSAVE Features=0x1<XSAVEOPT>
  VT-x: PAT,HLT,MTF,PAUSE,EPT,UG,VPID,VID,PostIntr
  TSC: P-state invariant, performance statistics
real memory  = 274869518336 (262136 MB)
avail memory = 267774590976 (255369 MB)
Event timer "LAPIC" quality 600
ACPI APIC Table: <DELL   PE_SC3  >
FreeBSD/SMP: Multiprocessor System Detected: 48 CPUs
FreeBSD/SMP: 2 package(s) x 12 core(s) x 2 hardware threads
random: unblocking device.
ioapic0 <Version 2.0> irqs 0-23 on motherboard
ioapic1 <Version 2.0> irqs 24-47 on motherboard
ioapic2 <Version 2.0> irqs 48-71 on motherboard
SMP: AP CPU #1 Launched!
SMP: AP CPU #43 Launched!
SMP: AP CPU #17 Launched!
SMP: AP CPU #10 Launched!
SMP: AP CPU #13 Launched!
SMP: AP CPU #6 Launched!
SMP: AP CPU #38 Launched!
SMP: AP CPU #9 Launched!
SMP: AP CPU #29 Launched!
SMP: AP CPU #28 Launched!
SMP: AP CPU #19 Launched!
SMP: AP CPU #24 Launched!
SMP: AP CPU #25 Launched!
SMP: AP CPU #39 Launched!
SMP: AP CPU #7 Launched!
SMP: AP CPU #32 Launched!
SMP: AP CPU #26 Launched!
SMP: AP CPU #27 Launched!
SMP: AP CPU #5 Launched!
SMP: AP CPU #45 Launched!
SMP: AP CPU #44 Launched!
SMP: AP CPU #22 Launched!
SMP: AP CPU #31 Launched!
SMP: AP CPU #16 Launched!
SMP: AP CPU #35 Launched!
SMP: AP CPU #41 Launched!
SMP: AP CPU #47 Launched!
SMP: AP CPU #3 Launched!
SMP: AP CPU #14 Launched!
SMP: AP CPU #15 Launched!
SMP: AP CPU #46 Launched!
SMP: AP CPU #12 Launched!
SMP: AP CPU #23 Launched!
SMP: AP CPU #11 Launched!
SMP: AP CPU #34 Launched!
SMP: AP CPU #21 Launched!
SMP: AP CPU #20 Launched!
SMP: AP CPU #8 Launched!
SMP: AP CPU #4 Launched!
SMP: AP CPU #33 Launched!
SMP: AP CPU #36 Launched!
SMP: AP CPU #2 Launched!
SMP: AP CPU #42 Launched!
SMP: AP CPU #37 Launched!
SMP: AP CPU #30 Launched!
SMP: AP CPU #40 Launched!
SMP: AP CPU #18 Launched!
Timecounter "TSC-low" frequency 1097480913 Hz quality 1000
random: entropy device external interface
netmap: loaded module
[ath_hal] loaded
module_register_init: MOD_LOAD (vesa, 0xffffffff81024710, 0) error 19
random: registering fast source Intel Secure Key RNG
random: fast provider: "Intel Secure Key RNG"
kbd1 at kbdmux0
nexus0
vtvga0: <VT VGA driver> on motherboard
cryptosoft0: <software crypto> on motherboard
acpi0: <DELL PE_SC3> on motherboard
acpi0: Power Button (fixed)
cpu0: <ACPI CPU> on acpi0
cpu1: <ACPI CPU> on acpi0
cpu2: <ACPI CPU> on acpi0
cpu3: <ACPI CPU> on acpi0
cpu4: <ACPI CPU> on acpi0
cpu5: <ACPI CPU> on acpi0
cpu6: <ACPI CPU> on acpi0
cpu7: <ACPI CPU> on acpi0
cpu8: <ACPI CPU> on acpi0
cpu9: <ACPI CPU> on acpi0
cpu10: <ACPI CPU> on acpi0
cpu11: <ACPI CPU> on acpi0
cpu12: <ACPI CPU> on acpi0
cpu13: <ACPI CPU> on acpi0
cpu14: <ACPI CPU> on acpi0
cpu15: <ACPI CPU> on acpi0
cpu16: <ACPI CPU> on acpi0
cpu17: <ACPI CPU> on acpi0
cpu18: <ACPI CPU> on acpi0
cpu19: <ACPI CPU> on acpi0
cpu20: <ACPI CPU> on acpi0
cpu21: <ACPI CPU> on acpi0
cpu22: <ACPI CPU> on acpi0
cpu23: <ACPI CPU> on acpi0
cpu24: <ACPI CPU> on acpi0
cpu25: <ACPI CPU> on acpi0
cpu26: <ACPI CPU> on acpi0
cpu27: <ACPI CPU> on acpi0
cpu28: <ACPI CPU> on acpi0
cpu29: <ACPI CPU> on acpi0
cpu30: <ACPI CPU> on acpi0
cpu31: <ACPI CPU> on acpi0
cpu32: <ACPI CPU> on acpi0
cpu33: <ACPI CPU> on acpi0
cpu34: <ACPI CPU> on acpi0
cpu35: <ACPI CPU> on acpi0
cpu36: <ACPI CPU> on acpi0
cpu37: <ACPI CPU> on acpi0
cpu38: <ACPI CPU> on acpi0
cpu39: <ACPI CPU> on acpi0
cpu40: <ACPI CPU> on acpi0
cpu41: <ACPI CPU> on acpi0
cpu42: <ACPI CPU> on acpi0
cpu43: <ACPI CPU> on acpi0
cpu44: <ACPI CPU> on acpi0
cpu45: <ACPI CPU> on acpi0
cpu46: <ACPI CPU> on acpi0
cpu47: <ACPI CPU> on acpi0
atrtc0: <AT realtime clock> port 0x70-0x71,0x74-0x77 irq 8 on acpi0
atrtc0: registered as a time-of-day clock, resolution 1.000000s
Event timer "RTC" frequency 32768 Hz quality 0
attimer0: <AT timer> port 0x40-0x43,0x50-0x53 irq 0 on acpi0
Timecounter "i8254" frequency 1193182 Hz quality 0
Event timer "i8254" frequency 1193182 Hz quality 100
hpet0: <High Precision Event Timer> iomem 0xfed00000-0xfed003ff on acpi0
Timecounter "HPET" frequency 14318180 Hz quality 950
Event timer "HPET" frequency 14318180 Hz quality 350
Event timer "HPET1" frequency 14318180 Hz quality 340
Event timer "HPET2" frequency 14318180 Hz quality 340
Event timer "HPET3" frequency 14318180 Hz quality 340
Event timer "HPET4" frequency 14318180 Hz quality 340
Event timer "HPET5" frequency 14318180 Hz quality 340
Event timer "HPET6" frequency 14318180 Hz quality 340
Event timer "HPET7" frequency 14318180 Hz quality 340
Timecounter "ACPI-safe" frequency 3579545 Hz quality 850
acpi_timer0: <24-bit timer at 3.579545MHz> port 0x408-0x40b on acpi0
pcib0: <ACPI Host-PCI bridge> on acpi0
pci0: <ACPI PCI bus> on pcib0
pci0: <dasp, performance counters> at device 8.2 (no driver attached)
pci0: <dasp, performance counters> at device 9.2 (no driver attached)
pci0: <dasp, performance counters> at device 11.1 (no driver attached)
pci0: <dasp, performance counters> at device 11.2 (no driver attached)
pci0: <dasp, performance counters> at device 16.1 (no driver attached)
pci0: <dasp, performance counters> at device 16.6 (no driver attached)
pci0: <dasp, performance counters> at device 18.1 (no driver attached)
pci0: <dasp, performance counters> at device 18.5 (no driver attached)
pcib1: <ACPI Host-PCI bridge> on acpi0
pci1: <ACPI PCI bus> on pcib1
pci1: <dasp, performance counters> at device 8.2 (no driver attached)
pci1: <dasp, performance counters> at device 9.2 (no driver attached)
pci1: <dasp, performance counters> at device 11.1 (no driver attached)
pci1: <dasp, performance counters> at device 11.2 (no driver attached)
pci1: <dasp, performance counters> at device 16.1 (no driver attached)
pci1: <dasp, performance counters> at device 16.6 (no driver attached)
pci1: <dasp, performance counters> at device 18.1 (no driver attached)
pci1: <dasp, performance counters> at device 18.5 (no driver attached)
acpi_syscontainer0: <System Container> on acpi0
acpi_syscontainer1: <System Container> on acpi0
pcib2: <ACPI Host-PCI bridge> port 0xcf8-0xcff on acpi0
pci2: <ACPI PCI bus> on pcib2
pcib3: <ACPI PCI-PCI bridge> irq 47 at device 1.0 on pci2
pci3: <ACPI PCI bus> on pcib3
pci3: <network, ethernet> at device 0.0 (no driver attached)
pcib4: <ACPI PCI-PCI bridge> irq 47 at device 2.0 on pci2
pci4: <ACPI PCI bus> on pcib4
pcib5: <ACPI PCI-PCI bridge> irq 47 at device 3.0 on pci2
pci5: <ACPI PCI bus> on pcib5
AVAGO MegaRAID SAS FreeBSD mrsas driver version: 06.712.04.00-fbsd
mrsas0: <AVAGO Invader SAS Controller> port 0x2000-0x20ff mem 0x92300000-0x9230ffff,0x92200000-0x922fffff irq 40 at device 0.0 on pci5
mrsas0: Using MSI-X with 48 number of vectors
mrsas0: FW supports <96> MSIX vector,Online CPU 48 Current MSIX <48>
mrsas0: FW supports: UnevenSpanSupport=1

mrsas0: MSI-x interrupts setup success
pci2: <unknown> at device 17.0 (no driver attached)
xhci0: <Intel Wellsburg USB 3.0 controller> mem 0x92500000-0x9250ffff at device 20.0 on pci2
xhci0: 32 bytes context size, 64-bit DMA
usbus0 on xhci0
usbus0: 5.0Gbps Super Speed USB v3.0
pci2: <simple comms> at device 22.0 (no driver attached)
pci2: <simple comms> at device 22.1 (no driver attached)
ehci0: <Intel Wellsburg USB 2.0 controller> mem 0x92512000-0x925123ff irq 18 at device 26.0 on pci2
usbus1: EHCI version 1.0
usbus1 on ehci0
usbus1: 480Mbps High Speed USB v2.0
pcib6: <PCI-PCI bridge> irq 16 at device 28.0 on pci2
pci6: <PCI bus> on pcib6
pcib7: <ACPI PCI-PCI bridge> irq 19 at device 28.7 on pci2
pci7: <ACPI PCI bus> on pcib7
pcib8: <PCI-PCI bridge> at device 0.0 on pci7
pci8: <PCI bus> on pcib8
pcib9: <PCI-PCI bridge> at device 0.0 on pci8
pci9: <PCI bus> on pcib9
pcib10: <PCI-PCI bridge> at device 0.0 on pci9
pci10: <PCI bus> on pcib10
vgapci0: <VGA-compatible display> mem 0x90000000-0x90ffffff,0x92000000-0x92003fff,0x91800000-0x91ffffff irq 19 at device 0.0 on pci10
vgapci0: Boot video device
ehci1: <Intel Wellsburg USB 2.0 controller> mem 0x92511000-0x925113ff irq 18 at device 29.0 on pci2
usbus2: EHCI version 1.0
usbus2 on ehci1
usbus2: 480Mbps High Speed USB v2.0
isab0: <PCI-ISA bridge> at device 31.0 on pci2
isa0: <ISA bus> on isab0
ahci0: <Intel Wellsburg AHCI SATA controller> port 0x3048-0x304f,0x3054-0x3057,0x3040-0x3047,0x3050-0x3053,0x3020-0x303f mem 0x92510000-0x925107ff irq 16 at device 31.2 on pci2
ahci0: AHCI v1.30 with 6 6Gbps ports, Port Multiplier not supported
ahcich0: <AHCI channel> at channel 0 on ahci0
ahcich1: <AHCI channel> at channel 1 on ahci0
ahcich2: <AHCI channel> at channel 2 on ahci0
ahcich3: <AHCI channel> at channel 3 on ahci0
ahcich4: <AHCI channel> at channel 4 on ahci0
ahcich5: <AHCI channel> at channel 5 on ahci0
ahciem0: <AHCI enclosure management bridge> on ahci0
pcib11: <ACPI Host-PCI bridge> on acpi0
pci11: <ACPI PCI bus> on pcib11
pcib12: <ACPI PCI-PCI bridge> irq 71 at device 1.0 on pci11
pci12: <ACPI PCI bus> on pcib12
ix0: <Intel(R) PRO/10GbE PCI-Express Network Driver> port 0x8020-0x803f mem 0xc9000000-0xc9ffffff,0xca004000-0xca007fff irq 50 at device 0.0 on pci12
ix0: using 2048 tx descriptors and 2048 rx descriptors
ix0: msix_init qsets capped at 16
ix0: pxm cpus: 24 queue msgs: 63 admincnt: 1
ix0: using 16 rx queues 16 tx queues 
ix0: Using MSIX interrupts with 17 vectors
ix0: allocated for 16 queues
ix0: allocated for 16 rx queues
ix0: Ethernet address: 7c:d3:0a:c7:45:9e
ix0: PCI Express Bus: Speed 5.0GT/s Width x8
ix0: netmap queues/slots: TX 16/2048, RX 16/2048
ix1: <Intel(R) PRO/10GbE PCI-Express Network Driver> port 0x8000-0x801f mem 0xc8000000-0xc8ffffff,0xca000000-0xca003fff irq 52 at device 0.1 on pci12
ix1: using 2048 tx descriptors and 2048 rx descriptors
ix1: msix_init qsets capped at 16
ix1: pxm cpus: 24 queue msgs: 63 admincnt: 1
ix1: using 16 rx queues 16 tx queues 
ix1: Using MSIX interrupts with 17 vectors
ix1: allocated for 16 queues
ix1: allocated for 16 rx queues
ix1: Ethernet address: 7c:d3:0a:c7:45:a0
ix1: PCI Express Bus: Speed 5.0GT/s Width x8
ix1: netmap queues/slots: TX 16/2048, RX 16/2048
pcib13: <ACPI PCI-PCI bridge> irq 71 at device 2.0 on pci11
pci13: <ACPI PCI bus> on pcib13
uart0: <16550 or compatible> port 0x3f8-0x3ff irq 4 flags 0x10 on acpi0
uart1: <16550 or compatible> port 0x2f8-0x2ff irq 3 on acpi0
uart1: console (115200,n,8,1)
orm0: <ISA Option ROMs> at iomem 0xc0000-0xc7fff,0xed800-0xf17ff pnpid ORM0000 on isa0
est0: <Enhanced SpeedStep Frequency Control> on cpu0
est: CPU supports Enhanced Speedstep, but is not recognized.
est: cpu_vendor GenuineIntel, msr 1d4c00001900
device_attach: est0 attach returned 6
est1: <Enhanced SpeedStep Frequency Control> on cpu1
est: CPU supports Enhanced Speedstep, but is not recognized.
est: cpu_vendor GenuineIntel, msr 1d4c00001900
device_attach: est1 attach returned 6
est2: <Enhanced SpeedStep Frequency Control> on cpu2
est: CPU supports Enhanced Speedstep, but is not recognized.
est: cpu_vendor GenuineIntel, msr 1d4c00001900
device_attach: est2 attach returned 6
est3: <Enhanced SpeedStep Frequency Control> on cpu3
est: CPU supports Enhanced Speedstep, but is not recognized.
est: cpu_vendor GenuineIntel, msr 1d4c00001900
device_attach: est3 attach returned 6
est4: <Enhanced SpeedStep Frequency Control> on cpu4
est: CPU supports Enhanced Speedstep, but is not recognized.
est: cpu_vendor GenuineIntel, msr 1d4c00001900
device_attach: est4 attach returned 6
est5: <Enhanced SpeedStep Frequency Control> on cpu5
est: CPU supports Enhanced Speedstep, but is not recognized.
est: cpu_vendor GenuineIntel, msr 1d4c00001900
device_attach: est5 attach returned 6
est6: <Enhanced SpeedStep Frequency Control> on cpu6
est: CPU supports Enhanced Speedstep, but is not recognized.
est: cpu_vendor GenuineIntel, msr 1d4c00001900
device_attach: est6 attach returned 6
est7: <Enhanced SpeedStep Frequency Control> on cpu7
est: CPU supports Enhanced Speedstep, but is not recognized.
est: cpu_vendor GenuineIntel, msr 1d4c00001900
device_attach: est7 attach returned 6
est8: <Enhanced SpeedStep Frequency Control> on cpu8
est: CPU supports Enhanced Speedstep, but is not recognized.
est: cpu_vendor GenuineIntel, msr 1d4c00001900
device_attach: est8 attach returned 6
est9: <Enhanced SpeedStep Frequency Control> on cpu9
est: CPU supports Enhanced Speedstep, but is not recognized.
est: cpu_vendor GenuineIntel, msr 1d4c00001900
device_attach: est9 attach returned 6
est10: <Enhanced SpeedStep Frequency Control> on cpu10
est: CPU supports Enhanced Speedstep, but is not recognized.
est: cpu_vendor GenuineIntel, msr 1d4c00001900
device_attach: est10 attach returned 6
est11: <Enhanced SpeedStep Frequency Control> on cpu11
est: CPU supports Enhanced Speedstep, but is not recognized.
est: cpu_vendor GenuineIntel, msr 1d4c00001900
device_attach: est11 attach returned 6
est12: <Enhanced SpeedStep Frequency Control> on cpu12
est: CPU supports Enhanced Speedstep, but is not recognized.
est: cpu_vendor GenuineIntel, msr 1d4c00001900
device_attach: est12 attach returned 6
est13: <Enhanced SpeedStep Frequency Control> on cpu13
est: CPU supports Enhanced Speedstep, but is not recognized.
est: cpu_vendor GenuineIntel, msr 1d4c00001900
device_attach: est13 attach returned 6
est14: <Enhanced SpeedStep Frequency Control> on cpu14
est: CPU supports Enhanced Speedstep, but is not recognized.
est: cpu_vendor GenuineIntel, msr 1d4c00001900
device_attach: est14 attach returned 6
est15: <Enhanced SpeedStep Frequency Control> on cpu15
est: CPU supports Enhanced Speedstep, but is not recognized.
est: cpu_vendor GenuineIntel, msr 1d4c00001900
device_attach: est15 attach returned 6
est16: <Enhanced SpeedStep Frequency Control> on cpu16
est: CPU supports Enhanced Speedstep, but is not recognized.
est: cpu_vendor GenuineIntel, msr 1d4c00001900
device_attach: est16 attach returned 6
est17: <Enhanced SpeedStep Frequency Control> on cpu17
est: CPU supports Enhanced Speedstep, but is not recognized.
est: cpu_vendor GenuineIntel, msr 1d4c00001900
device_attach: est17 attach returned 6
est18: <Enhanced SpeedStep Frequency Control> on cpu18
est: CPU supports Enhanced Speedstep, but is not recognized.
est: cpu_vendor GenuineIntel, msr 1d4c00001900
device_attach: est18 attach returned 6
est19: <Enhanced SpeedStep Frequency Control> on cpu19
est: CPU supports Enhanced Speedstep, but is not recognized.
est: cpu_vendor GenuineIntel, msr 1d4c00001900
device_attach: est19 attach returned 6
est20: <Enhanced SpeedStep Frequency Control> on cpu20
est: CPU supports Enhanced Speedstep, but is not recognized.
est: cpu_vendor GenuineIntel, msr 1d4c00001900
device_attach: est20 attach returned 6
est21: <Enhanced SpeedStep Frequency Control> on cpu21
est: CPU supports Enhanced Speedstep, but is not recognized.
est: cpu_vendor GenuineIntel, msr 1d4c00001900
device_attach: est21 attach returned 6
est22: <Enhanced SpeedStep Frequency Control> on cpu22
est: CPU supports Enhanced Speedstep, but is not recognized.
est: cpu_vendor GenuineIntel, msr 1d4c00001900
device_attach: est22 attach returned 6
est23: <Enhanced SpeedStep Frequency Control> on cpu23
est: CPU supports Enhanced Speedstep, but is not recognized.
est: cpu_vendor GenuineIntel, msr 1d4c00001900
device_attach: est23 attach returned 6
est24: <Enhanced SpeedStep Frequency Control> on cpu24
est: CPU supports Enhanced Speedstep, but is not recognized.
est: cpu_vendor GenuineIntel, msr 1d4c00001900
device_attach: est24 attach returned 6
est25: <Enhanced SpeedStep Frequency Control> on cpu25
est: CPU supports Enhanced Speedstep, but is not recognized.
est: cpu_vendor GenuineIntel, msr 1d4c00001900
device_attach: est25 attach returned 6
est26: <Enhanced SpeedStep Frequency Control> on cpu26
est: CPU supports Enhanced Speedstep, but is not recognized.
est: cpu_vendor GenuineIntel, msr 1d4c00001900
device_attach: est26 attach returned 6
est27: <Enhanced SpeedStep Frequency Control> on cpu27
est: CPU supports Enhanced Speedstep, but is not recognized.
est: cpu_vendor GenuineIntel, msr 1d4c00001900
device_attach: est27 attach returned 6
est28: <Enhanced SpeedStep Frequency Control> on cpu28
est: CPU supports Enhanced Speedstep, but is not recognized.
est: cpu_vendor GenuineIntel, msr 1d4c00001900
device_attach: est28 attach returned 6
est29: <Enhanced SpeedStep Frequency Control> on cpu29
est: CPU supports Enhanced Speedstep, but is not recognized.
est: cpu_vendor GenuineIntel, msr 1d4c00001900
device_attach: est29 attach returned 6
est30: <Enhanced SpeedStep Frequency Control> on cpu30
est: CPU supports Enhanced Speedstep, but is not recognized.
est: cpu_vendor GenuineIntel, msr 1d4c00001900
device_attach: est30 attach returned 6
est31: <Enhanced SpeedStep Frequency Control> on cpu31
est: CPU supports Enhanced Speedstep, but is not recognized.
est: cpu_vendor GenuineIntel, msr 1d4c00001900
device_attach: est31 attach returned 6
est32: <Enhanced SpeedStep Frequency Control> on cpu32
est: CPU supports Enhanced Speedstep, but is not recognized.
est: cpu_vendor GenuineIntel, msr 1d4c00001900
device_attach: est32 attach returned 6
est33: <Enhanced SpeedStep Frequency Control> on cpu33
est: CPU supports Enhanced Speedstep, but is not recognized.
est: cpu_vendor GenuineIntel, msr 1d4c00001900
device_attach: est33 attach returned 6
est34: <Enhanced SpeedStep Frequency Control> on cpu34
est: CPU supports Enhanced Speedstep, but is not recognized.
est: cpu_vendor GenuineIntel, msr 1d4c00001900
device_attach: est34 attach returned 6
est35: <Enhanced SpeedStep Frequency Control> on cpu35
est: CPU supports Enhanced Speedstep, but is not recognized.
est: cpu_vendor GenuineIntel, msr 1d4c00001900
device_attach: est35 attach returned 6
est36: <Enhanced SpeedStep Frequency Control> on cpu36
est: CPU supports Enhanced Speedstep, but is not recognized.
est: cpu_vendor GenuineIntel, msr 1d4c00001900
device_attach: est36 attach returned 6
est37: <Enhanced SpeedStep Frequency Control> on cpu37
est: CPU supports Enhanced Speedstep, but is not recognized.
est: cpu_vendor GenuineIntel, msr 1d4c00001900
device_attach: est37 attach returned 6
est38: <Enhanced SpeedStep Frequency Control> on cpu38
est: CPU supports Enhanced Speedstep, but is not recognized.
est: cpu_vendor GenuineIntel, msr 1d4c00001900
device_attach: est38 attach returned 6
est39: <Enhanced SpeedStep Frequency Control> on cpu39
est: CPU supports Enhanced Speedstep, but is not recognized.
est: cpu_vendor GenuineIntel, msr 1d4c00001900
device_attach: est39 attach returned 6
est40: <Enhanced SpeedStep Frequency Control> on cpu40
est: CPU supports Enhanced Speedstep, but is not recognized.
est: cpu_vendor GenuineIntel, msr 1d4c00001900
device_attach: est40 attach returned 6
est41: <Enhanced SpeedStep Frequency Control> on cpu41
est: CPU supports Enhanced Speedstep, but is not recognized.
est: cpu_vendor GenuineIntel, msr 1d4c00001900
device_attach: est41 attach returned 6
est42: <Enhanced SpeedStep Frequency Control> on cpu42
est: CPU supports Enhanced Speedstep, but is not recognized.
est: cpu_vendor GenuineIntel, msr 1d4c00001900
device_attach: est42 attach returned 6
est43: <Enhanced SpeedStep Frequency Control> on cpu43
est: CPU supports Enhanced Speedstep, but is not recognized.
est: cpu_vendor GenuineIntel, msr 1d4c00001900
device_attach: est43 attach returned 6
est44: <Enhanced SpeedStep Frequency Control> on cpu44
est: CPU supports Enhanced Speedstep, but is not recognized.
est: cpu_vendor GenuineIntel, msr 1d4c00001900
device_attach: est44 attach returned 6
est45: <Enhanced SpeedStep Frequency Control> on cpu45
est: CPU supports Enhanced Speedstep, but is not recognized.
est: cpu_vendor GenuineIntel, msr 1d4c00001900
device_attach: est45 attach returned 6
est46: <Enhanced SpeedStep Frequency Control> on cpu46
est: CPU supports Enhanced Speedstep, but is not recognized.
est: cpu_vendor GenuineIntel, msr 1d4c00001900
device_attach: est46 attach returned 6
est47: <Enhanced SpeedStep Frequency Control> on cpu47
est: CPU supports Enhanced Speedstep, but is not recognized.
est: cpu_vendor GenuineIntel, msr 1d4c00001900
device_attach: est47 attach returned 6
Timecounters tick every 1.000 msec
ugen2.1: <Intel EHCI root HUB> at usbus2
ugen1.1: <Intel EHCI root HUB> at usbus1
ugen0.1: <0x8086 XHCI root HUB> at usbus0
mrsas0: Disestablish mrsas intr hook
uhub0: <0x8086 XHCI root HUB, class 9/0, rev 3.00/1.00, addr 1> on usbus0
uhub1: <Intel EHCI root HUB, class 9/0, rev 2.00/1.00, addr 1> on usbus2
uhub2: <Intel EHCI root HUB, class 9/0, rev 2.00/1.00, addr 1> on usbus1
ses0 at ahciem0 bus 0 scbus8 target 0 lun 0
ses0: <AHCI SGPIO Enclosure 1.00 0001> SEMB S-E-S 2.00 device
ses0: SEMB SES Device
da0 at mrsas0 bus 1 scbus1 target 0 lun 0
da0: <ATA MICRON_M510DC_MT 0013> Fixed Direct Access SPC-4 SCSI device
da0: Serial Number 160811E3C3EA
da0: 150.000MB/s transfers
da0: 457862MB (937703088 512 byte sectors)
da5 at mrsas0 bus 1 scbus1 target 5 lun 0
da5: <ATA MICRON_M510DC_MT 0013> Fixed Direct Access SPC-4 SCSI device
da5: Serial Number 160811E3D13B
da5: 150.000MB/s transfers
da5: 457862MB (937703088 512 byte sectors)
da1 at mrsas0 bus 1 scbus1 target 1 lun 0
da1: <ATA MICRON_M510DC_MT 0013> Fixed Direct Access SPC-4 SCSI device
da1: Serial Number 160811E3C6D5
da1: 150.000MB/s transfers
da1: 457862MB (937703088 512 byte sectors)
da3 at mrsas0 bus 1 scbus1 target 3 lun 0
da3: <ATA MICRON_M510DC_MT 0013> Fixed Direct Access SPC-4 SCSI device
da3: Serial Number 160811E3C3F1
da3: 150.000MB/s transfers
da3: 457862MB (937703088 512 byte sectors)
da4 at mrsas0 bus 1 scbus1 target 4 lun 0
da4: <ATA MICRON_M510DC_MT 0013> Fixed Direct Access SPC-4 SCSI device
da4: Serial Number 160811E3C746
da4: 150.000MB/s transfers
da4: 457862MB (937703088 512 byte sectors)
da2 at mrsas0 bus 1 scbus1 target 2 lun 0
da2: <ATA MICRON_M510DC_MT 0013> Fixed Direct Access SPC-4 SCSI device
da2: Serial Number 160811E3DFC3
da2: 150.000MB/s transfers
da2: 457862MB (937703088 512 byte sectors)
mlx4_core0: <mlx4_core> mem 0x92400000-0x924fffff,0x91000000-0x917fffff irq 26 at device 0.0 on pci3
mlx4_core: Mellanox ConnectX core driver v3.4.1 (October 2017)
mlx4_core: Initializing mlx4_core
uhub2: 2 ports with 2 removable, self powered
uhub1: 2 ports with 2 removable, self powered
uhub0: 21 ports with 21 removable, self powered
ugen0.2: <no manufacturer Gadget USB HUB> at usbus0
uhub3 on uhub0
uhub3: <no manufacturer Gadget USB HUB, class 9/0, rev 2.00/0.00, addr 1> on usbus0
ugen1.2: <vendor 0x8087 product 0x800a> at usbus1
uhub4 on uhub2
uhub4: <vendor 0x8087 product 0x800a, class 9/0, rev 2.00/0.05, addr 2> on usbus1
ugen2.2: <vendor 0x8087 product 0x8002> at usbus2
uhub5 on uhub1
uhub5: <vendor 0x8087 product 0x8002, class 9/0, rev 2.00/0.05, addr 2> on usbus2
uhub4: 6 ports with 6 removable, self powered
uhub5: 8 ports with 8 removable, self powered
uhub3: 6 ports with 6 removable, self powered
mlx4_core0: Unable to determine PCI device chain minimum BW
mlx4_en mlx4_core0: Activating port:1
mlxen0: Ethernet address: 24:8a:07:e7:73:60
mlx4_en: mlx4_core0: Port 1: Using 32 TX rings
mlxen0: link state changed to DOWN
mlx4_en: mlx4_core0: Port 1: Using 16 RX rings
mlx4_en: mlxen0: Using 32 TX rings
mlx4_en: mlxen0: Using 16 RX rings
mlx4_en: mlxen0: Initializing port
mlx4_en mlx4_core0: Activating port:2
mlxen1: Ethernet address: 24:8a:07:e7:73:61
mlx4_en: mlx4_core0: Port 2: Using 32 TX rings
mlxen1: link state changed to DOWN
mlx4_en: mlx4_core0: Port 2: Using 16 RX rings
mlx4_en: mlxen1: Using 32 TX rings
mlx4_en: mlxen1: Using 16 RX rings
mlx4_en: mlxen1: Initializing port
Trying to mount root from ufs:/dev/ufsid/5944c6f80a5c32e6 [rw]...
mlxen0: link state changed to UP
mlxen1: link state changed to UP
lagg0: link state changed to UP
mlxen1: link state changed to DOWN
mlx4_en: mlxen1: Link Down
mlx4_en: mlxen1: Link Up
mlxen1: link state changed to UP
CPU: Intel(R) Xeon(R) CPU E5-2650 v4 @ 2.20GHz (2194.96-MHz K8-class CPU)
  Origin="GenuineIntel"  Id=0x406f1  Family=0x6  Model=0x4f  Stepping=1
  Features=0xbfebfbff<FPU,VME,DE,PSE,TSC,MSR,PAE,MCE,CX8,APIC,SEP,MTRR,PGE,MCA,CMOV,PAT,PSE36,CLFLUSH,DTS,ACPI,MMX,FXSR,SSE,SSE2,SS,HTT,TM,PBE>
  Features2=0x7ffefbff<SSE3,PCLMULQDQ,DTES64,MON,DS_CPL,VMX,SMX,EST,TM2,SSSE3,SDBG,FMA,CX16,xTPR,PDCM,PCID,DCA,SSE4.1,SSE4.2,x2APIC,MOVBE,POPCNT,TSCDLT,AESNI,XSAVE,OSXSAVE,AVX,F16C,RDRAND>
  AMD Features=0x2c100800<SYSCALL,NX,Page1GB,RDTSCP,LM>
  AMD Features2=0x121<LAHF,ABM,Prefetch>
  Structured Extended Features=0x21cbfbb<FSGSBASE,TSCADJ,BMI1,HLE,AVX2,SMEP,BMI2,ERMS,INVPCID,RTM,PQM,NFPUSG,PQE,RDSEED,ADX,SMAP,PROCTRACE>
  Structured Extended Features3=0xc000000<IBPB,STIBP>
  XSAVE Features=0x1<XSAVEOPT>
  VT-x: PAT,HLT,MTF,PAUSE,EPT,UG,VPID,VID,PostIntr
  TSC: P-state invariant, performance statistics
