Copyright (c) 1992-2018 The FreeBSD Project.
Copyright (c) 1979, 1980, 1983, 1986, 1988, 1989, 1991, 1992, 1993, 1994
	The Regents of the University of California. All rights reserved.
FreeBSD is a registered trademark of The FreeBSD Foundation.
FreeBSD 12.0-CURRENT #0 b21ccf63f28(master)-dirty: Wed Feb 14 16:16:42 UTC 2018
    root@test:/usr/obj/usr/src/amd64.amd64/sys/GENERIC-NODEBUG amd64
FreeBSD clang version 6.0.0 (branches/release_60 324090) (based on LLVM 6.0.0)
VT(vga): resolution 640x480
CPU: Intel(R) Xeon(R) CPU E3-1240 v6 @ 3.70GHz (3696.18-MHz K8-class CPU)
  Origin="GenuineIntel"  Id=0x906e9  Family=0x6  Model=0x9e  Stepping=9
  Features=0xbfebfbff<FPU,VME,DE,PSE,TSC,MSR,PAE,MCE,CX8,APIC,SEP,MTRR,PGE,MCA,CMOV,PAT,PSE36,CLFLUSH,DTS,ACPI,MMX,FXSR,SSE,SSE2,SS,HTT,TM,PBE>
  Features2=0x7ffafbff<SSE3,PCLMULQDQ,DTES64,MON,DS_CPL,VMX,SMX,EST,TM2,SSSE3,SDBG,FMA,CX16,xTPR,PDCM,PCID,SSE4.1,SSE4.2,x2APIC,MOVBE,POPCNT,TSCDLT,AESNI,XSAVE,OSXSAVE,AVX,F16C,RDRAND>
  AMD Features=0x2c100800<SYSCALL,NX,Page1GB,RDTSCP,LM>
  AMD Features2=0x121<LAHF,ABM,Prefetch>
  Structured Extended Features=0x29c6fbf<FSGSBASE,TSCADJ,SGX,BMI1,HLE,AVX2,SMEP,BMI2,ERMS,INVPCID,RTM,NFPUSG,MPX,RDSEED,ADX,SMAP,CLFLUSHOPT,PROCTRACE>
  XSAVE Features=0xf<XSAVEOPT,XSAVEC,XINUSE,XSAVES>
  VT-x: PAT,HLT,MTF,PAUSE,EPT,UG,VPID
  TSC: P-state invariant, performance statistics
real memory  = 34359738368 (32768 MB)
avail memory = 33294483456 (31752 MB)
Event timer "LAPIC" quality 600
ACPI APIC Table: < >
FreeBSD/SMP: Multiprocessor System Detected: 8 CPUs
FreeBSD/SMP: 1 package(s) x 4 core(s) x 2 hardware threads
random: unblocking device.
ioapic0 <Version 2.0> irqs 0-23 on motherboard
SMP: AP CPU #1 Launched!
SMP: AP CPU #5 Launched!
SMP: AP CPU #4 Launched!
SMP: AP CPU #2 Launched!
SMP: AP CPU #3 Launched!
SMP: AP CPU #6 Launched!
SMP: AP CPU #7 Launched!
Timecounter "TSC-low" frequency 1848091492 Hz quality 1000
random: entropy device external interface
netmap: loaded module
[ath_hal] loaded
module_register_init: MOD_LOAD (vesa, 0xffffffff81024710, 0) error 19
random: registering fast source Intel Secure Key RNG
random: fast provider: "Intel Secure Key RNG"
kbd1 at kbdmux0
nexus0
vtvga0: <VT VGA driver> on motherboard
cryptosoft0: <software crypto> on motherboard
acpi0: <SUPERM SUPERM> on motherboard
acpi0: Power Button (fixed)
cpu0: <ACPI CPU> on acpi0
cpu1: <ACPI CPU> on acpi0
cpu2: <ACPI CPU> on acpi0
cpu3: <ACPI CPU> on acpi0
cpu4: <ACPI CPU> on acpi0
cpu5: <ACPI CPU> on acpi0
cpu6: <ACPI CPU> on acpi0
cpu7: <ACPI CPU> on acpi0
hpet0: <High Precision Event Timer> iomem 0xfed00000-0xfed003ff on acpi0
Timecounter "HPET" frequency 24000000 Hz quality 950
Event timer "HPET" frequency 24000000 Hz quality 550
atrtc0: <AT realtime clock> port 0x70-0x77 irq 8 on acpi0
atrtc0: Warning: Couldn't map I/O.
atrtc0: registered as a time-of-day clock, resolution 1.000000s
Event timer "RTC" frequency 32768 Hz quality 0
attimer0: <AT timer> port 0x40-0x43,0x50-0x53 irq 0 on acpi0
Timecounter "i8254" frequency 1193182 Hz quality 0
Event timer "i8254" frequency 1193182 Hz quality 100
Timecounter "ACPI-fast" frequency 3579545 Hz quality 900
acpi_timer0: <24-bit timer at 3.579545MHz> port 0x1808-0x180b on acpi0
pcib0: <ACPI Host-PCI bridge> port 0xcf8-0xcff on acpi0
pci0: <ACPI PCI bus> on pcib0
pcib1: <ACPI PCI-PCI bridge> irq 16 at device 1.0 on pci0
pci1: <ACPI PCI bus> on pcib1
igb0: <Intel(R) PRO/1000 PCI-Express Network Driver> port 0xe020-0xe03f mem 0xdf180000-0xdf1fffff,0xdf284000-0xdf287fff irq 16 at device 0.0 on pci1
igb0: attach_pre capping queues at 8
igb0: using 1024 tx descriptors and 1024 rx descriptors
igb0: msix_init qsets capped at 8
igb0: pxm cpus: 4 queue msgs: 9 admincnt: 1
igb0: using 4 rx queues 4 tx queues 
igb0: Using MSIX interrupts with 5 vectors
igb0: allocated for 4 tx_queues
igb0: allocated for 4 rx_queues
igb0: Ethernet address: 0c:c4:7a:86:35:f2
igb0: netmap queues/slots: TX 4/1024, RX 4/1024
igb1: <Intel(R) PRO/1000 PCI-Express Network Driver> port 0xe000-0xe01f mem 0xdf100000-0xdf17ffff,0xdf280000-0xdf283fff irq 17 at device 0.1 on pci1
igb1: attach_pre capping queues at 8
igb1: using 1024 tx descriptors and 1024 rx descriptors
igb1: msix_init qsets capped at 8
igb1: pxm cpus: 4 queue msgs: 9 admincnt: 1
igb1: using 4 rx queues 4 tx queues 
igb1: Using MSIX interrupts with 5 vectors
igb1: allocated for 4 tx_queues
igb1: allocated for 4 rx_queues
igb1: Ethernet address: 0c:c4:7a:86:35:f3
igb1: netmap queues/slots: TX 4/1024, RX 4/1024
pci0: <old, non-VGA display device> at device 19.0 (no driver attached)
xhci0: <Intel Sunrise Point USB 3.0 controller> mem 0xdf300000-0xdf30ffff irq 16 at device 20.0 on pci0
xhci0: 32 bytes context size, 64-bit DMA
usbus0 on xhci0
usbus0: 5.0Gbps Super Speed USB v3.0
pci0: <simple comms> at device 22.0 (no driver attached)
pci0: <simple comms> at device 22.1 (no driver attached)
ahci0: <Intel Sunrise Point AHCI SATA controller> port 0xf050-0xf057,0xf040-0xf043,0xf020-0xf03f mem 0xdf310000-0xdf311fff,0xdf31e000-0xdf31e0ff,0xdf31d000-0xdf31d7ff irq 16 at device 23.0 on pci0
ahci0: AHCI v1.31 with 8 6Gbps ports, Port Multiplier not supported
ahcich0: <AHCI channel> at channel 0 on ahci0
ahcich1: <AHCI channel> at channel 1 on ahci0
ahcich2: <AHCI channel> at channel 2 on ahci0
ahcich3: <AHCI channel> at channel 3 on ahci0
ahcich4: <AHCI channel> at channel 4 on ahci0
ahcich5: <AHCI channel> at channel 5 on ahci0
ahcich6: <AHCI channel> at channel 6 on ahci0
ahcich7: <AHCI channel> at channel 7 on ahci0
ahciem0: <AHCI enclosure management bridge> on ahci0
pcib2: <ACPI PCI-PCI bridge> irq 16 at device 29.0 on pci0
pci2: <ACPI PCI bus> on pcib2
pcib3: <ACPI PCI-PCI bridge> irq 17 at device 29.5 on pci0
pci3: <ACPI PCI bus> on pcib3
pcib4: <ACPI PCI-PCI bridge> at device 0.0 on pci3
pci4: <ACPI PCI bus> on pcib4
vgapci0: <VGA-compatible display> port 0xd000-0xd07f mem 0xde000000-0xdeffffff,0xdf000000-0xdf01ffff irq 17 at device 0.0 on pci4
vgapci0: Boot video device
isab0: <PCI-ISA bridge> at device 31.0 on pci0
isa0: <ISA bus> on isab0
pci0: <memory> at device 31.2 (no driver attached)
acpi_button0: <Sleep Button> on acpi0
acpi_button1: <Power Button> on acpi0
acpi_tz0: <Thermal Zone> on acpi0
acpi_tz1: <Thermal Zone> on acpi0
uart0: <16550 or compatible> port 0x3f8-0x3ff irq 4 flags 0x10 on acpi0
uart1: <16550 or compatible> port 0x2f8-0x2ff irq 3 on acpi0
uart1: console (115200,n,8,1)
orm0: <ISA Option ROMs> at iomem 0xc0000-0xc7fff,0xc8000-0xc8fff,0xc9000-0xc9fff pnpid ORM0000 on isa0
est0: <Enhanced SpeedStep Frequency Control> on cpu0
est1: <Enhanced SpeedStep Frequency Control> on cpu1
est2: <Enhanced SpeedStep Frequency Control> on cpu2
est3: <Enhanced SpeedStep Frequency Control> on cpu3
est4: <Enhanced SpeedStep Frequency Control> on cpu4
est5: <Enhanced SpeedStep Frequency Control> on cpu5
est6: <Enhanced SpeedStep Frequency Control> on cpu6
est7: <Enhanced SpeedStep Frequency Control> on cpu7
Timecounters tick every 1.000 msec
ugen0.1: <0x8086 XHCI root HUB> at usbus0
ses0 at ahciem0 bus 0 scbus8 target 0 lun 0
ses0: <AHCI SGPIO Enclosure 1.00 0001> SEMB S-E-S 2.00 device
ses0: SEMB SES Device
uhub0: ada0 at ahcich2 bus 0 scbus2 target 0 lun 0
ada0: <SAMSUNG MZ7KM240HMHQ-00005 GXM5104Q> ACS-2 ATA SATA 3.x device
ada0: Serial Number S3F5NX0J606858
ada0: 600.000MB/s transfers (SATA 3.x, UDMA6, PIO 8192bytes)
ada0: Command Queueing enabled
ada0: 228936MB (468862128 512 byte sectors)
ada0: quirks=0x1<4K>
<0x8086 XHCI root HUB, class 9/0, rev 3.00/1.00, addr 1> on usbus0
ada1 at ahcich3 bus 0 scbus3 target 0 lun 0
ada1: <SAMSUNG MZ7KM240HMHQ-00005 GXM5104Q> ACS-2 ATA SATA 3.x device
ada1: Serial Number S3F5NX0J606857
ada1: 600.000MB/s transfers (SATA 3.x, UDMA6, PIO 8192bytes)
ada1: Command Queueing enabled
ada1: 228936MB (468862128 512 byte sectors)
ada1: quirks=0x1<4K>
Trying to mount root from ufs:/dev/ufsid/5944c6f80a5c32e6 [rw]...
uhub0: 26 ports with 26 removable, self powered
lagg0: link state changed to DOWN
usb_alloc_device: set address 2 failed (USB_ERR_TIMEOUT, ignored)
ugen0.2: <vendor 0x0557 product 0x7000> at usbus0
uhub1 on uhub0
uhub1: <vendor 0x0557 product 0x7000, class 9/0, rev 2.00/0.00, addr 2> on usbus0
uhub1: 4 ports with 3 removable, self powered
uhub_reattach_port: port 1 reset failed, error=USB_ERR_SHORT_XFER
uhub_reattach_port: device problem (USB_ERR_SHORT_XFER), disabling port 1
Link state changed to up
igb0: link state changed to UP
lagg0: link state changed to UP
Link state changed to up
igb1: link state changed to UP
